// Jest Snapshot v1, https://goo.gl/fbAQLP

exports[`PLP should render 1`] = `
<View
  style={
    Object {
      "flex": 1,
    }
  }
>
  <Text
    style={
      Object {
        "padding": 20,
      }
    }
  >
    No results found for: bag
  </Text>
</View>
`;
